MASTER_PORT=21237
{'device': device(type='cuda', index=0), 'batch_size_train': 8, 'batch_size_eval': 10, 'num_epochs': 40, 'iter_epoch': 1623, 'TFnum_epochs': 20, 'TFlr': 1.5e-05, 'early_stopping': True, 'patience': 4, 'warmup': 2000, 'adr_pretr': './../data/CMIP6_separate_model_up150m_tauxy_Nor_kb.nc', 'interval': 4, 'TraindataProportion': 0.9, 'all_group': 13000, 'adr_eval': './../data/SODA_ORAS_group_temp_tauxy_before1979_kb.nc', 'needtauxy': True, 'input_channal': 7, 'output_channal': 7, 'input_length': 12, 'output_length': 20, 'sequence_length_train': 32, 'lev_range': (1, 8), 'lon_range': (45, 165), 'lat_range': (0, 51), 'lon_nino_relative': (35, 60), 'lat_nino_relative': (15, 36), 'patch_size': (3, 4), 'H0': 17, 'W0': 30, 'emb_spatial_size': 510, 'model_savepath': './../model/geoformer/', 'model_savepath_swin': './../model/swinlstm/test/', 'seeds': 42000000, 'd_size': 256, 'nheads': 4, 'dim_feedforward': 512, 'dropout': 0.2, 'num_encoder_layers': 4, 'num_decoder_layers': 4, 'input_dim': 9, 'output_dim': 9, 'num_channels': 256, 'num_layers': 3, 'num_conditions': 0, 'num_tails': 2, 'k_conv': 7, 'loss_mode': 'parametric', 'cutout': 0.2, 'step_strided_conv': False, 'decay': True, 'decay_rate': 0.65, 'base_lr': 0.0001, 'min_lr': 1e-06, 'pct_start': 0.022727272727272728, 'div_factor': 10000000000.0, 'final_div_factor': 1, 'weight_decay': 0.05}

loading pre-train dataset...
loading tauxy...
{'lat: -20.0S to 20.0N', 'temp lev: 5.0m to 150.0m', 'lon: 92.0E to 330.0E'}

loading evaluation dataset...
loading tauxy...
loading tauxy...
Random sampling...
End of sampling...
{'lat: -20.0S to 20.0N', 'lev: 5.0m to 150.0m', 'lon: 92.0E to 330.0E'}
================================================================================

-->epoch: 0

-->batch:0 loss_var:203.03, loss_nino:25.81, score:-56.943

-->batch:100 loss_var:156.69, loss_nino:10.41, score:55.238

-->batch:200 loss_var:140.15, loss_nino:8.23, score:65.718

-->batch:300 loss_var:121.24, loss_nino:4.96, score:68.811

-->batch:400 loss_var:133.13, loss_nino:7.44, score:65.875

-->batch:500 loss_var:132.71, loss_nino:7.47, score:63.296

-->batch:600 loss_var:124.73, loss_nino:7.61, score:64.669

-->batch:700 loss_var:121.92, loss_nino:6.50, score:67.980

-->batch:800 loss_var:111.72, loss_nino:7.12, score:66.844

-->batch:900 loss_var:126.08, loss_nino:6.88, score:62.987

-->batch:1000 loss_var:127.20, loss_nino:6.71, score:65.545

-->batch:1100 loss_var:119.72, loss_nino:6.55, score:65.664

-->batch:1200 loss_var:111.39, loss_nino:6.40, score:65.525

-->batch:1300 loss_var:120.26, loss_nino:7.00, score:67.266

-->batch:1400 loss_var:107.52, loss_nino:5.82, score:69.118

-->batch:1500 loss_var:122.92, loss_nino:8.94, score:64.727

-->batch:1600 loss_var:115.81, loss_nino:7.13, score:64.682

-->epoch0 end... 
loss_var:216.959 
loss_nino:30.278 
loss_com:247.237 
score: -14.301

sc is increase from -inf to -14.301   
saving model...

================================================================================

-->epoch: 1

-->batch:0 loss_var:122.30, loss_nino:6.76, score:66.805

-->batch:100 loss_var:120.15, loss_nino:6.68, score:63.573

-->batch:200 loss_var:116.76, loss_nino:7.12, score:65.056

-->batch:300 loss_var:113.56, loss_nino:7.17, score:66.536

-->batch:400 loss_var:117.73, loss_nino:7.20, score:61.408

-->batch:500 loss_var:114.18, loss_nino:7.00, score:66.047

-->batch:600 loss_var:117.71, loss_nino:6.27, score:68.346

-->batch:700 loss_var:123.44, loss_nino:7.80, score:62.960

-->batch:800 loss_var:114.90, loss_nino:5.77, score:65.068

-->batch:900 loss_var:133.89, loss_nino:11.85, score:60.655

-->batch:1000 loss_var:119.84, loss_nino:6.67, score:68.404

-->batch:1100 loss_var:121.60, loss_nino:6.73, score:68.085

-->batch:1200 loss_var:122.34, loss_nino:6.35, score:63.328

-->batch:1300 loss_var:115.20, loss_nino:6.88, score:66.715

-->batch:1400 loss_var:115.87, loss_nino:6.52, score:67.273

-->batch:1500 loss_var:118.93, loss_nino:5.95, score:67.819

-->batch:1600 loss_var:116.42, loss_nino:6.19, score:67.658

-->epoch1 end... 
loss_var:190.146 
loss_nino:23.505 
loss_com:213.651 
score: -15.756

sc is not increase for 1 epoch
================================================================================

-->epoch: 2

-->batch:0 loss_var:121.92, loss_nino:6.64, score:65.527

-->batch:100 loss_var:121.55, loss_nino:7.72, score:65.975

-->batch:200 loss_var:125.05, loss_nino:8.58, score:65.387

-->batch:300 loss_var:120.29, loss_nino:7.11, score:64.786

-->batch:400 loss_var:115.22, loss_nino:7.81, score:62.559

-->batch:500 loss_var:123.83, loss_nino:5.73, score:68.042

-->batch:600 loss_var:131.37, loss_nino:9.45, score:64.122

-->batch:700 loss_var:122.15, loss_nino:6.48, score:67.087

-->batch:800 loss_var:114.65, loss_nino:7.76, score:64.964

-->batch:900 loss_var:117.95, loss_nino:6.26, score:67.724

-->batch:1000 loss_var:122.29, loss_nino:6.46, score:61.239

-->batch:1100 loss_var:117.99, loss_nino:7.27, score:66.457

-->batch:1200 loss_var:118.27, loss_nino:6.54, score:67.435

-->batch:1300 loss_var:122.02, loss_nino:6.96, score:67.161

-->batch:1400 loss_var:118.06, loss_nino:6.22, score:67.756

-->batch:1500 loss_var:122.73, loss_nino:6.29, score:68.077

-->batch:1600 loss_var:120.28, loss_nino:6.47, score:67.485

-->epoch2 end... 
loss_var:193.266 
loss_nino:23.732 
loss_com:216.998 
score: -9.905

sc is increase from -14.301 to -9.905   
saving model...

================================================================================

-->epoch: 3

-->batch:0 loss_var:121.56, loss_nino:7.34, score:66.310

-->batch:100 loss_var:125.18, loss_nino:8.62, score:63.190
-->Evaluation... 
loss_var:190.795 
loss_nino:23.297 
loss_com:214.092 
score:-13.411

-->batch:200 loss_var:118.38, loss_nino:7.04, score:66.873

-->batch:300 loss_var:118.50, loss_nino:7.78, score:66.750
-->Evaluation... 
loss_var:201.578 
loss_nino:28.891 
loss_com:230.469 
score:-13.491

-->batch:400 loss_var:117.96, loss_nino:7.31, score:66.952

-->batch:500 loss_var:115.13, loss_nino:5.88, score:68.203
-->Evaluation... 
loss_var:189.221 
loss_nino:21.388 
loss_com:210.609 
score:-8.848

saving model...

-->batch:600 loss_var:125.99, loss_nino:5.86, score:67.023

-->batch:700 loss_var:116.65, loss_nino:7.07, score:67.230
-->Evaluation... 
loss_var:192.178 
loss_nino:23.064 
loss_com:215.242 
score:-9.239

-->batch:800 loss_var:120.57, loss_nino:7.32, score:61.224

-->batch:900 loss_var:125.29, loss_nino:7.96, score:62.634
-->Evaluation... 
loss_var:189.894 
loss_nino:24.173 
loss_com:214.067 
score:-4.306

saving model...

-->batch:1000 loss_var:122.40, loss_nino:6.38, score:65.535

-->batch:1100 loss_var:117.09, loss_nino:7.43, score:67.194
-->Evaluation... 
loss_var:192.004 
loss_nino:27.298 
loss_com:219.302 
score:-13.173

-->batch:1200 loss_var:113.54, loss_nino:6.01, score:66.900

-->batch:1300 loss_var:120.00, loss_nino:7.40, score:65.076
-->Evaluation... 
loss_var:184.547 
loss_nino:22.798 
loss_com:207.345 
score:-7.962

-->batch:1400 loss_var:120.50, loss_nino:6.63, score:67.427

-->batch:1500 loss_var:114.50, loss_nino:5.71, score:69.133
-->Evaluation... 
loss_var:189.608 
loss_nino:23.347 
loss_com:212.956 
score:-9.333

-->batch:1600 loss_var:118.48, loss_nino:6.15, score:67.255

-->epoch3 end... 
loss_var:193.821 
loss_nino:28.970 
loss_com:222.790 
score: -13.368

sc is not increase for 1 epoch
================================================================================

-->epoch: 4

-->batch:0 loss_var:119.08, loss_nino:6.77, score:64.490

-->batch:100 loss_var:121.72, loss_nino:7.76, score:65.186
-->Evaluation... 
loss_var:186.056 
loss_nino:21.801 
loss_com:207.856 
score:-10.864

-->batch:200 loss_var:113.47, loss_nino:6.41, score:67.218

-->batch:300 loss_var:108.51, loss_nino:6.90, score:67.476
-->Evaluation... 
loss_var:192.536 
loss_nino:25.317 
loss_com:217.852 
score:-9.460

-->batch:400 loss_var:113.97, loss_nino:6.18, score:67.520

-->batch:500 loss_var:107.50, loss_nino:6.74, score:67.235
-->Evaluation... 
loss_var:183.933 
loss_nino:22.356 
loss_com:206.289 
score:-3.034

saving model...

-->batch:600 loss_var:110.84, loss_nino:5.72, score:68.221

-->batch:700 loss_var:123.24, loss_nino:7.01, score:66.427
-->Evaluation... 
loss_var:188.227 
loss_nino:22.110 
loss_com:210.337 
score:-3.517

-->batch:800 loss_var:114.89, loss_nino:8.21, score:66.766

-->batch:900 loss_var:114.12, loss_nino:6.11, score:67.083
-->Evaluation... 
loss_var:193.921 
loss_nino:25.823 
loss_com:219.744 
score:-11.253

-->batch:1000 loss_var:112.17, loss_nino:6.34, score:65.995

-->batch:1100 loss_var:124.25, loss_nino:6.68, score:67.224
-->Evaluation... 
loss_var:193.942 
loss_nino:26.064 
loss_com:220.005 
score:-9.905

-->batch:1200 loss_var:111.39, loss_nino:6.65, score:67.140

-->batch:1300 loss_var:114.70, loss_nino:6.34, score:67.458
-->Evaluation... 
loss_var:198.803 
loss_nino:28.060 
loss_com:226.863 
score:-14.888

-->batch:1400 loss_var:115.13, loss_nino:6.26, score:66.982

-->batch:1500 loss_var:115.62, loss_nino:6.61, score:68.390
-->Evaluation... 
loss_var:186.914 
loss_nino:20.698 
loss_com:207.611 
score:-7.073

-->batch:1600 loss_var:109.72, loss_nino:6.14, score:65.386

-->epoch4 end... 
loss_var:184.262 
loss_nino:20.749 
loss_com:205.011 
score: -4.439

sc is not increase for 1 epoch
================================================================================

-->epoch: 5

-->batch:0 loss_var:116.56, loss_nino:5.95, score:68.929

-->batch:100 loss_var:118.66, loss_nino:7.03, score:66.527
-->Evaluation... 
loss_var:199.409 
loss_nino:28.208 
loss_com:227.617 
score:-15.587

-->batch:200 loss_var:115.78, loss_nino:6.58, score:67.810

-->batch:300 loss_var:115.60, loss_nino:7.28, score:67.235
-->Evaluation... 
loss_var:194.262 
loss_nino:24.573 
loss_com:218.834 
score:-4.992

-->batch:400 loss_var:114.55, loss_nino:7.24, score:64.665

-->batch:500 loss_var:118.85, loss_nino:6.05, score:68.209
-->Evaluation... 
loss_var:197.956 
loss_nino:27.562 
loss_com:225.518 
score:-11.553

-->batch:600 loss_var:107.02, loss_nino:5.96, score:68.634

-->batch:700 loss_var:115.64, loss_nino:6.65, score:67.886
-->Evaluation... 
loss_var:199.481 
loss_nino:26.152 
loss_com:225.634 
score:-13.511

-->batch:800 loss_var:112.11, loss_nino:6.76, score:66.516

-->batch:900 loss_var:108.78, loss_nino:5.12, score:69.433
-->Evaluation... 
loss_var:186.791 
loss_nino:22.411 
loss_com:209.202 
score:-3.524

-->batch:1000 loss_var:115.72, loss_nino:6.17, score:63.056

-->batch:1100 loss_var:111.80, loss_nino:5.32, score:69.852
-->Evaluation... 
loss_var:188.196 
loss_nino:21.983 
loss_com:210.178 
score:-10.048

-->batch:1200 loss_var:113.76, loss_nino:6.26, score:68.123

-->batch:1300 loss_var:112.43, loss_nino:5.48, score:69.596
-->Evaluation... 
loss_var:194.984 
loss_nino:24.982 
loss_com:219.966 
score:-3.610

-->batch:1400 loss_var:116.01, loss_nino:7.16, score:58.135

-->batch:1500 loss_var:112.10, loss_nino:6.00, score:67.052
-->Evaluation... 
loss_var:192.684 
loss_nino:21.901 
loss_com:214.585 
score:-7.868

-->batch:1600 loss_var:104.69, loss_nino:4.61, score:70.238

-->epoch5 end... 
loss_var:189.901 
loss_nino:21.686 
loss_com:211.587 
score: -2.642

sc is increase from -3.034 to -2.642   
saving model...

================================================================================

-->epoch: 6

-->batch:0 loss_var:123.34, loss_nino:7.25, score:67.076

-->batch:100 loss_var:113.47, loss_nino:5.34, score:68.617
-->Evaluation... 
loss_var:194.463 
loss_nino:28.969 
loss_com:223.432 
score:-11.402

-->batch:200 loss_var:115.80, loss_nino:6.41, score:67.839

-->batch:300 loss_var:110.13, loss_nino:6.50, score:66.608
-->Evaluation... 
loss_var:191.555 
loss_nino:22.675 
loss_com:214.230 
score:-5.017

-->batch:400 loss_var:109.15, loss_nino:7.43, score:66.504

-->batch:500 loss_var:115.38, loss_nino:6.85, score:67.503
-->Evaluation... 
loss_var:188.190 
loss_nino:24.614 
loss_com:212.804 
score:-9.296

-->batch:600 loss_var:114.23, loss_nino:7.30, score:65.484

-->batch:700 loss_var:116.41, loss_nino:8.70, score:65.870
-->Evaluation... 
loss_var:193.960 
loss_nino:24.289 
loss_com:218.250 
score:-9.210

-->batch:800 loss_var:109.88, loss_nino:6.52, score:66.248

-->batch:900 loss_var:113.19, loss_nino:6.90, score:66.680
-->Evaluation... 
loss_var:203.710 
loss_nino:25.142 
loss_com:228.851 
score:-7.618

-->batch:1000 loss_var:109.28, loss_nino:6.06, score:68.595

-->batch:1100 loss_var:110.85, loss_nino:5.60, score:69.529
-->Evaluation... 
loss_var:197.630 
loss_nino:25.690 
loss_com:223.320 
score:-6.461

-->batch:1200 loss_var:107.16, loss_nino:5.72, score:68.404

-->batch:1300 loss_var:112.97, loss_nino:5.65, score:69.213
-->Evaluation... 
loss_var:192.701 
loss_nino:24.634 
loss_com:217.335 
score:-7.566

-->batch:1400 loss_var:112.49, loss_nino:5.49, score:68.493

-->batch:1500 loss_var:113.67, loss_nino:6.11, score:67.279
-->Evaluation... 
loss_var:188.277 
loss_nino:22.528 
loss_com:210.804 
score:-6.002

-->batch:1600 loss_var:115.88, loss_nino:5.48, score:68.594

-->epoch6 end... 
loss_var:194.150 
loss_nino:24.690 
loss_com:218.840 
score: -5.446

sc is not increase for 1 epoch
================================================================================

-->epoch: 7

-->batch:0 loss_var:120.41, loss_nino:7.13, score:66.607

-->batch:100 loss_var:113.63, loss_nino:5.10, score:69.622
-->Evaluation... 
loss_var:194.870 
loss_nino:28.051 
loss_com:222.921 
score:-13.469

-->batch:200 loss_var:110.84, loss_nino:5.74, score:68.924

-->batch:300 loss_var:103.91, loss_nino:5.72, score:66.797
-->Evaluation... 
loss_var:197.279 
loss_nino:26.612 
loss_com:223.891 
score:-7.300

-->batch:400 loss_var:115.14, loss_nino:6.83, score:65.517

-->batch:500 loss_var:109.84, loss_nino:4.91, score:69.045
-->Evaluation... 
loss_var:199.272 
loss_nino:26.091 
loss_com:225.363 
score:-7.162

-->batch:600 loss_var:110.34, loss_nino:5.84, score:68.222

-->batch:700 loss_var:111.51, loss_nino:6.41, score:64.816
-->Evaluation... 
loss_var:188.855 
loss_nino:22.168 
loss_com:211.023 
score:-7.893

-->batch:800 loss_var:110.81, loss_nino:4.88, score:69.893

-->batch:900 loss_var:110.41, loss_nino:6.36, score:67.491
-->Evaluation... 
loss_var:196.215 
loss_nino:26.637 
loss_com:222.852 
score:-12.972

-->batch:1000 loss_var:113.13, loss_nino:5.41, score:69.363

-->batch:1100 loss_var:113.36, loss_nino:5.74, score:67.086
-->Evaluation... 
loss_var:193.928 
loss_nino:22.942 
loss_com:216.870 
score:-2.938

-->batch:1200 loss_var:113.49, loss_nino:4.97, score:69.689

-->batch:1300 loss_var:102.53, loss_nino:5.02, score:70.018
-->Evaluation... 
loss_var:189.098 
loss_nino:23.310 
loss_com:212.408 
score:-11.145

-->batch:1400 loss_var:114.59, loss_nino:6.22, score:67.837

-->batch:1500 loss_var:103.42, loss_nino:4.94, score:69.806
-->Evaluation... 
loss_var:195.965 
loss_nino:26.593 
loss_com:222.558 
score:-12.399

-->batch:1600 loss_var:104.15, loss_nino:5.08, score:69.692

-->epoch7 end... 
loss_var:200.270 
loss_nino:25.420 
loss_com:225.690 
score: -5.185

sc is not increase for 2 epoch
================================================================================

-->epoch: 8

-->batch:0 loss_var:116.98, loss_nino:6.37, score:67.437

-->batch:100 loss_var:107.14, loss_nino:6.28, score:68.177
-->Evaluation... 
loss_var:211.531 
loss_nino:33.246 
loss_com:244.777 
score:-20.368

-->batch:200 loss_var:111.23, loss_nino:5.96, score:68.870

-->batch:300 loss_var:109.67, loss_nino:6.46, score:68.257
-->Evaluation... 
loss_var:194.123 
loss_nino:24.236 
loss_com:218.359 
score:-6.755

-->batch:400 loss_var:111.70, loss_nino:5.87, score:62.746

-->batch:500 loss_var:115.67, loss_nino:7.97, score:66.773
-->Evaluation... 
loss_var:193.333 
loss_nino:24.277 
loss_com:217.610 
score:-7.949

-->batch:600 loss_var:102.47, loss_nino:5.25, score:68.901

-->batch:700 loss_var:106.43, loss_nino:5.77, score:68.899
-->Evaluation... 
loss_var:188.566 
loss_nino:23.450 
loss_com:212.016 
score:-8.558

-->batch:800 loss_var:113.55, loss_nino:5.26, score:67.497

-->batch:900 loss_var:108.00, loss_nino:5.95, score:68.041
-->Evaluation... 
loss_var:193.232 
loss_nino:27.140 
loss_com:220.371 
score:-10.495

-->batch:1000 loss_var:103.73, loss_nino:5.86, score:68.244

-->batch:1100 loss_var:110.74, loss_nino:7.54, score:66.095
-->Evaluation... 
loss_var:203.372 
loss_nino:28.245 
loss_com:231.617 
score:-12.725

-->batch:1200 loss_var:108.03, loss_nino:6.66, score:67.715

-->batch:1300 loss_var:109.21, loss_nino:5.55, score:67.562
-->Evaluation... 
loss_var:187.625 
loss_nino:22.838 
loss_com:210.463 
score:-5.146

-->batch:1400 loss_var:112.23, loss_nino:6.69, score:66.741

-->batch:1500 loss_var:109.70, loss_nino:6.28, score:68.110
-->Evaluation... 
loss_var:203.670 
loss_nino:29.285 
loss_com:232.956 
score:-12.679

-->batch:1600 loss_var:111.06, loss_nino:5.21, score:68.567

-->epoch8 end... 
loss_var:193.609 
loss_nino:26.617 
loss_com:220.226 
score: -10.505

sc is not increase for 3 epoch
================================================================================

-->epoch: 9

-->batch:0 loss_var:112.75, loss_nino:5.86, score:64.596

-->batch:100 loss_var:114.55, loss_nino:6.11, score:68.449
-->Evaluation... 
loss_var:195.680 
loss_nino:25.483 
loss_com:221.163 
score:-12.078

-->batch:200 loss_var:106.76, loss_nino:5.97, score:68.402

-->batch:300 loss_var:108.58, loss_nino:6.06, score:66.501
-->Evaluation... 
loss_var:190.007 
loss_nino:22.606 
loss_com:212.613 
score:-3.585

-->batch:400 loss_var:114.52, loss_nino:7.54, score:66.207

-->batch:500 loss_var:108.23, loss_nino:5.97, score:67.749
-->Evaluation... 
loss_var:186.459 
loss_nino:22.717 
loss_com:209.176 
score:-0.076

saving model...

-->batch:600 loss_var:116.09, loss_nino:6.28, score:67.499

-->batch:700 loss_var:106.53, loss_nino:4.89, score:70.013
-->Evaluation... 
loss_var:195.576 
loss_nino:28.515 
loss_com:224.091 
score:-13.778

-->batch:800 loss_var:113.45, loss_nino:5.53, score:68.811

-->batch:900 loss_var:110.56, loss_nino:5.42, score:68.526
-->Evaluation... 
loss_var:202.149 
loss_nino:25.861 
loss_com:228.010 
score:-3.460

-->batch:1000 loss_var:102.44, loss_nino:5.74, score:68.265

-->batch:1100 loss_var:105.27, loss_nino:5.33, score:69.765
-->Evaluation... 
loss_var:197.692 
loss_nino:24.958 
loss_com:222.649 
score:-6.871

-->batch:1200 loss_var:108.91, loss_nino:5.23, score:69.691

-->batch:1300 loss_var:111.86, loss_nino:6.06, score:67.526
-->Evaluation... 
loss_var:193.333 
loss_nino:25.459 
loss_com:218.792 
score:-12.256

-->batch:1400 loss_var:104.76, loss_nino:5.81, score:68.023

-->batch:1500 loss_var:112.82, loss_nino:6.10, score:68.709
-->Evaluation... 
loss_var:190.019 
loss_nino:24.872 
loss_com:214.891 
score:-4.307

-->batch:1600 loss_var:113.33, loss_nino:7.22, score:65.647

-->epoch9 end... 
loss_var:199.382 
loss_nino:28.356 
loss_com:227.738 
score: -9.437

sc is not increase for 1 epoch
================================================================================

-->epoch: 10

-->batch:0 loss_var:125.23, loss_nino:8.17, score:65.875

-->batch:100 loss_var:115.00, loss_nino:6.19, score:67.195
-->Evaluation... 
loss_var:202.035 
loss_nino:30.107 
loss_com:232.142 
score:-10.216

-->batch:200 loss_var:106.29, loss_nino:6.28, score:67.101

-->batch:300 loss_var:99.78, loss_nino:5.24, score:68.283
-->Evaluation... 
loss_var:194.694 
loss_nino:24.757 
loss_com:219.451 
score:-7.767

-->batch:400 loss_var:111.26, loss_nino:5.58, score:68.976

-->batch:500 loss_var:108.00, loss_nino:5.50, score:69.323
-->Evaluation... 
loss_var:184.079 
loss_nino:21.215 
loss_com:205.295 
score:-1.711

-->batch:600 loss_var:103.37, loss_nino:4.67, score:67.872

-->batch:700 loss_var:108.55, loss_nino:5.28, score:68.692
-->Evaluation... 
loss_var:210.340 
loss_nino:33.527 
loss_com:243.867 
score:-13.160

-->batch:800 loss_var:111.84, loss_nino:5.87, score:67.038

-->batch:900 loss_var:105.11, loss_nino:4.66, score:70.067
-->Evaluation... 
loss_var:192.239 
loss_nino:25.609 
loss_com:217.847 
score:-9.661

-->batch:1000 loss_var:102.04, loss_nino:5.82, score:67.970

-->batch:1100 loss_var:110.33, loss_nino:4.94, score:69.365
-->Evaluation... 
loss_var:192.967 
loss_nino:24.687 
loss_com:217.654 
score:-7.777

-->batch:1200 loss_var:99.50, loss_nino:6.46, score:67.862

-->batch:1300 loss_var:109.45, loss_nino:6.99, score:67.163
-->Evaluation... 
loss_var:197.970 
loss_nino:28.551 
loss_com:226.521 
score:-6.019

-->batch:1400 loss_var:106.96, loss_nino:5.22, score:69.902

-->batch:1500 loss_var:107.89, loss_nino:5.04, score:69.499
-->Evaluation... 
loss_var:190.356 
loss_nino:22.767 
loss_com:213.123 
score:-7.215

-->batch:1600 loss_var:106.85, loss_nino:5.83, score:68.194

-->epoch10 end... 
loss_var:187.564 
loss_nino:21.773 
loss_com:209.337 
score: -0.607

sc is not increase for 2 epoch
================================================================================

-->epoch: 11

-->batch:0 loss_var:120.66, loss_nino:8.25, score:66.426

-->batch:100 loss_var:108.63, loss_nino:5.81, score:67.918
-->Evaluation... 
loss_var:189.839 
loss_nino:22.918 
loss_com:212.757 
score:-7.011

-->batch:200 loss_var:112.99, loss_nino:6.83, score:67.887

-->batch:300 loss_var:109.55, loss_nino:6.33, score:66.660
-->Evaluation... 
loss_var:199.250 
loss_nino:28.889 
loss_com:228.138 
score:-6.729

-->batch:400 loss_var:106.92, loss_nino:5.92, score:68.453

-->batch:500 loss_var:109.04, loss_nino:4.96, score:70.014
-->Evaluation... 
loss_var:188.998 
loss_nino:22.305 
loss_com:211.302 
score:-3.127

-->batch:600 loss_var:115.14, loss_nino:5.27, score:69.325

-->batch:700 loss_var:107.50, loss_nino:6.10, score:68.132
-->Evaluation... 
loss_var:192.997 
loss_nino:24.445 
loss_com:217.442 
score:-5.973

-->batch:800 loss_var:110.17, loss_nino:6.35, score:67.690

-->batch:900 loss_var:116.22, loss_nino:5.17, score:69.316
-->Evaluation... 
loss_var:199.389 
loss_nino:22.789 
loss_com:222.178 
score:-2.457

-->batch:1000 loss_var:101.46, loss_nino:4.81, score:70.115

-->batch:1100 loss_var:109.42, loss_nino:6.01, score:67.808
-->Evaluation... 
loss_var:195.530 
loss_nino:27.557 
loss_com:223.087 
score:-6.634

-->batch:1200 loss_var:108.33, loss_nino:4.78, score:70.058

-->batch:1300 loss_var:110.88, loss_nino:5.33, score:69.680
-->Evaluation... 
loss_var:187.223 
loss_nino:21.201 
loss_com:208.424 
score:-4.502

-->batch:1400 loss_var:108.57, loss_nino:5.56, score:67.737

-->batch:1500 loss_var:106.21, loss_nino:5.40, score:69.727
-->Evaluation... 
loss_var:185.167 
loss_nino:20.885 
loss_com:206.052 
score:-0.426

-->batch:1600 loss_var:108.01, loss_nino:5.90, score:64.361

-->epoch11 end... 
loss_var:195.427 
loss_nino:23.893 
loss_com:219.320 
score: -4.834

sc is not increase for 3 epoch
================================================================================

-->epoch: 12

-->batch:0 loss_var:122.24, loss_nino:7.72, score:66.850

-->batch:100 loss_var:105.42, loss_nino:6.30, score:68.002
-->Evaluation... 
loss_var:192.791 
loss_nino:25.540 
loss_com:218.331 
score:-10.813

-->batch:200 loss_var:110.86, loss_nino:6.85, score:67.692

-->batch:300 loss_var:115.04, loss_nino:6.63, score:67.587
-->Evaluation... 
loss_var:186.137 
loss_nino:23.251 
loss_com:209.388 
score:-4.438

-->batch:400 loss_var:107.25, loss_nino:4.78, score:70.375

-->batch:500 loss_var:109.88, loss_nino:5.91, score:67.436
-->Evaluation... 
loss_var:192.492 
loss_nino:24.900 
loss_com:217.392 
score:-6.328

-->batch:600 loss_var:105.99, loss_nino:4.67, score:69.417

-->batch:700 loss_var:104.91, loss_nino:5.72, score:69.097
-->Evaluation... 
loss_var:194.209 
loss_nino:25.056 
loss_com:219.265 
score:-9.935

-->batch:800 loss_var:109.23, loss_nino:5.43, score:68.568

-->batch:900 loss_var:102.49, loss_nino:5.47, score:69.758
-->Evaluation... 
loss_var:198.251 
loss_nino:29.470 
loss_com:227.721 
score:-11.497

-->batch:1000 loss_var:107.28, loss_nino:6.63, score:67.552

-->batch:1100 loss_var:106.68, loss_nino:5.09, score:70.012
-->Evaluation... 
loss_var:192.264 
loss_nino:24.329 
loss_com:216.593 
score:-6.777

-->batch:1200 loss_var:108.45, loss_nino:4.21, score:70.703

-->batch:1300 loss_var:109.03, loss_nino:5.87, score:68.347
-->Evaluation... 
loss_var:188.323 
loss_nino:22.019 
loss_com:210.342 
score:-3.680

-->batch:1400 loss_var:103.84, loss_nino:4.96, score:69.878

-->batch:1500 loss_var:104.46, loss_nino:6.05, score:68.545
-->Evaluation... 
loss_var:198.297 
loss_nino:26.097 
loss_com:224.394 
score:-8.931

-->batch:1600 loss_var:109.88, loss_nino:5.17, score:70.064

-->epoch12 end... 
loss_var:190.391 
loss_nino:23.564 
loss_com:213.954 
score: -7.029

sc is not increase for 4 epoch

-----!!!early stopping reached, max(sceval)= -0.076229!!!-----
